INFO     root:conftest.py:12 preconditions started
ERROR    root:application.py:19 page: http://127.0.0.1:8000/demo/, console error: Hi! I'm the ERROR. Try to catch me
ERROR    root:application.py:19 page: http://127.0.0.1:8000/demo/, console error: Hi! I'm the ERROR. Try to catch me
ERROR    root:application.py:19 page: http://127.0.0.1:8000/demo/, console error: Hi! I'm the ERROR. Try to catch me
WARNING  root:application.py:22 page: http://127.0.0.1:8000/demo/, dialog text: You have to press Ctrl button
ERROR    root:application.py:19 page: http://127.0.0.1:8000/demo/, console error: this is injected error
WARNING  root:application.py:22 page: http://127.0.0.1:8000/demo/, dialog text: this is injected alert
INFO     root:conftest.py:14 postconditions started
